gplink-1.4.0 #1107 (May 18 2015)
Copyright (c) 1998-2014 gputils project
Listing File Generated: 1-19-2021  18:57:03
 
 
Address  Value    Disassembly              Source
-------  -----    -----------              ------
                                           ;--------------------------------------------------------
                                           ; File Created by SDCC : free open source ANSI-C Compiler
                                           ; Version 3.6.9 #10186 (Linux)
                                           ;--------------------------------------------------------
                                           ; PIC port for the 14-bit core
                                           ;--------------------------------------------------------
                                           ;	.file	"main.c"
                                           	list	p=10f322
                                           	radix dec
                                           	include "p10f322.inc"
                                                   LIST
                                           
                                           ;==========================================================================
                                           ; Build date : Aug 07 2014
                                           ;  MPASM PIC10F322 processor include
                                           ; 
                                           ;  (c) Copyright 1999-2014 Microchip Technology, All rights reserved
                                           ;==========================================================================
                                           
                                                   NOLIST
                                           ;--------------------------------------------------------
                                           ; config word(s)
                                           ;--------------------------------------------------------
002007   3fe0     addlw   0xe0             	__config 0x3fe0
                                           ;--------------------------------------------------------
                                           ; external declarations
                                           ;--------------------------------------------------------
                                           	extern	_STATUSbits
                                           	extern	_PORTAbits
                                           	extern	_TRISAbits
                                           	extern	_LATAbits
                                           	extern	_ANSELAbits
                                           	extern	_WPUAbits
                                           	extern	_PCLATHbits
                                           	extern	_INTCONbits
                                           	extern	_PIR1bits
                                           	extern	_PIE1bits
                                           	extern	_OPTION_REGbits
                                           	extern	_PCONbits
                                           	extern	_OSCCONbits
                                           	extern	_T2CONbits
                                           	extern	_PWM1DCLbits
                                           	extern	_PWM1DCHbits
                                           	extern	_PWM1CONbits
                                           	extern	_PWM1CON0bits
                                           	extern	_PWM2DCLbits
                                           	extern	_PWM2DCHbits
                                           	extern	_PWM2CONbits
                                           	extern	_PWM2CON0bits
                                           	extern	_IOCAPbits
                                           	extern	_IOCANbits
                                           	extern	_IOCAFbits
                                           	extern	_FVRCONbits
                                           	extern	_ADCONbits
                                           	extern	_PMADRHbits
                                           	extern	_PMCON1bits
                                           	extern	_CLKRCONbits
                                           	extern	_NCO1ACCLbits
                                           	extern	_NCO1ACCHbits
                                           	extern	_NCO1ACCUbits
                                           	extern	_NCO1INCLbits
                                           	extern	_NCO1INCHbits
                                           	extern	_NCO1CONbits
                                           	extern	_NCO1CLKbits
                                           	extern	_WDTCONbits
                                           	extern	_CLC1CONbits
                                           	extern	_CLC1SEL0bits
                                           	extern	_CLC1SEL1bits
                                           	extern	_CLC1POLbits
                                           	extern	_CLC1GLS0bits
                                           	extern	_CLC1GLS1bits
                                           	extern	_CLC1GLS2bits
                                           	extern	_CLC1GLS3bits
                                           	extern	_CWG1CON0bits
                                           	extern	_CWG1CON1bits
                                           	extern	_CWG1CON2bits
                                           	extern	_CWG1DBRbits
                                           	extern	_CWG1DBFbits
                                           	extern	_VREGCONbits
                                           	extern	_BORCONbits
                                           	extern	_INDF
                                           	extern	_TMR0
                                           	extern	_PCL
                                           	extern	_STATUS
                                           	extern	_FSR
                                           	extern	_PORTA
                                           	extern	_TRISA
                                           	extern	_LATA
                                           	extern	_ANSELA
                                           	extern	_WPUA
                                           	extern	_PCLATH
                                           	extern	_INTCON
                                           	extern	_PIR1
                                           	extern	_PIE1
                                           	extern	_OPTION_REG
                                           	extern	_PCON
                                           	extern	_OSCCON
                                           	extern	_TMR2
                                           	extern	_PR2
                                           	extern	_T2CON
                                           	extern	_PWM1DCL
                                           	extern	_PWM1DCH
                                           	extern	_PWM1CON
                                           	extern	_PWM1CON0
                                           	extern	_PWM2DCL
                                           	extern	_PWM2DCH
                                           	extern	_PWM2CON
                                           	extern	_PWM2CON0
                                           	extern	_IOCAP
                                           	extern	_IOCAN
                                           	extern	_IOCAF
                                           	extern	_FVRCON
                                           	extern	_ADRES
                                           	extern	_ADCON
                                           	extern	_PMADR
                                           	extern	_PMADRL
                                           	extern	_PMADRH
                                           	extern	_PMDAT
                                           	extern	_PMDATL
                                           	extern	_PMDATH
                                           	extern	_PMCON1
                                           	extern	_PMCON2
                                           	extern	_CLKRCON
                                           	extern	_NCO1ACC
                                           	extern	_NCO1ACCL
                                           	extern	_NCO1ACCH
                                           	extern	_NCO1ACCU
                                           	extern	_NCO1INC
                                           	extern	_NCO1INCL
                                           	extern	_NCO1INCH
                                           	extern	_NCO1INCU
                                           	extern	_NCO1CON
                                           	extern	_NCO1CLK
                                           	extern	_WDTCON
                                           	extern	_CLC1CON
                                           	extern	_CLC1SEL0
                                           	extern	_CLC1SEL1
                                           	extern	_CLC1POL
                                           	extern	_CLC1GLS0
                                           	extern	_CLC1GLS1
                                           	extern	_CLC1GLS2
                                           	extern	_CLC1GLS3
                                           	extern	_CWG1CON0
                                           	extern	_CWG1CON1
                                           	extern	_CWG1CON2
                                           	extern	_CWG1DBR
                                           	extern	_CWG1DBF
                                           	extern	_VREGCON
                                           	extern	_BORCON
                                           	extern	__sdcc_gsinit_startup
                                           ;--------------------------------------------------------
                                           ; global declarations
                                           ;--------------------------------------------------------
                                           	global	_main
                                           	global	_configPin
                                           	global	_offCount
                                           	global	_onCount
                                           	global	_debounce
                                           	global	_inputState
                                           	global	_tempoCount
                                           	global	_wait
                                           
                                           	global PSAVE
                                           	global SSAVE
                                           	global WSAVE
                                           	global STK04
                                           	global STK03
                                           	global STK02
                                           	global STK01
                                           	global STK00
                                           
                                           sharebank udata_ovr 0x0040
                                           PSAVE	res 1
                                           SSAVE	res 1
                                           WSAVE	res 1
                                           STK04	res 1
                                           STK03	res 1
                                           STK02	res 1
                                           STK01	res 1
                                           STK00	res 1
                                           
                                           ;--------------------------------------------------------
                                           ; global definitions
                                           ;--------------------------------------------------------
                                           UD_main_0	udata
                                           _configPin	res	1
                                           
                                           UD_main_1	udata
                                           _offCount	res	2
                                           
                                           UD_main_2	udata
                                           _onCount	res	1
                                           
                                           UD_main_3	udata
                                           _debounce	res	1
                                           
                                           UD_main_4	udata
                                           _inputState	res	1
                                           
                                           UD_main_5	udata
                                           _tempoCount	res	1
                                           
                                           ;--------------------------------------------------------
                                           ; absolute symbol definitions
                                           ;--------------------------------------------------------
                                           ;--------------------------------------------------------
                                           ; compiler-defined variables
                                           ;--------------------------------------------------------
                                           UDL_main_0	udata
                                           r0x1007	res	1
                                           ;--------------------------------------------------------
                                           ; initialized data
                                           ;--------------------------------------------------------
                                           
                                           ID_main_0	idata
                                           _wait
                                           	db	0x01, 0x00
                                           
                                           ;--------------------------------------------------------
                                           ; overlayable items in internal ram 
                                           ;--------------------------------------------------------
                                           ;	udata_ovr
                                           ;--------------------------------------------------------
                                           ; reset vector 
                                           ;--------------------------------------------------------
                                           STARTUP	code 0x0000
000000   0000     nop                      	nop
                                           	pagesel __sdcc_gsinit_startup
000001   2802     goto    0x0002           	goto	__sdcc_gsinit_startup
                                           ;--------------------------------------------------------
                                           ; code
                                           ;--------------------------------------------------------
                                           code_main	code
                                           ;***
                                           ;  pBlock Stats: dbName = M
                                           ;***
                                           ;has an exit
                                           ;1 compiler assigned register :
                                           ;   r0x1007
                                           ;; Starting pCode block
                                           S_main__main	code
                                           _main:
                                           ; 2 exit points
                                           ;	.line	26; "main.c"	NOT_WPUEN = 0; // activate pullups
00009e   138e     bcf     0x0e, 0x7        	BCF	_OPTION_REGbits,7
                                           ;	.line	27; "main.c"	ANSELA = 0; // enable digital input buffers
00009f   0188     clrf    0x08             	CLRF	_ANSELA
                                           ;	.line	28; "main.c"	OSCCONbits.IRCF = 0b101; // 4MHz
0000a0   3010     movlw   0x10             	MOVLW	(_OSCCONbits + 0)
0000a1   398f     andlw   0x8f             	ANDLW	0x8f
0000a2   3850     iorlw   0x50             	IORLW	0x50
0000a3   0090     movwf   0x10             	MOVWF	(_OSCCONbits + 0)
                                           ;	.line	30; "main.c"	TRISA0 = 1;
0000a4   1406     bsf     0x06, 0x0        	BSF	_TRISAbits,0
                                           ;	.line	32; "main.c"	RELAISON = 0;
0000a5   1087     bcf     0x07, 0x1        	BCF	_LATAbits,1
                                           ;	.line	33; "main.c"	TRISA1 = 0;
0000a6   1086     bcf     0x06, 0x1        	BCF	_TRISAbits,1
                                           ;	.line	35; "main.c"	TRISA2 = 1;
0000a7   1506     bsf     0x06, 0x2        	BSF	_TRISAbits,2
                                           ;	.line	36; "main.c"	configPin = RA2;
0000a8   01dd     clrf    0x5d             	CLRF	r0x1007
0000a9   1905     btfsc   0x05, 0x2        	BTFSC	_PORTAbits,2
0000aa   0add     incf    0x5d, 0x1        	INCF	r0x1007,F
0000ab   085d     movf    0x5d, 0x0        	MOVF	r0x1007,W
0000ac   00d8     movwf   0x58             	MOVWF	_configPin
                                           ;	.line	38; "main.c"	TMR2IF = 0;
0000ad   108c     bcf     0x0c, 0x1        	BCF	_PIR1bits,1
                                           ;	.line	39; "main.c"	TMR2 = 255;
0000ae   30ff     movlw   0xff             	MOVLW	0xff
0000af   0091     movwf   0x11             	MOVWF	_TMR2
                                           ;	.line	40; "main.c"	T2CON = 0b01111111; // Timer2 on, prescaler=1/64 post=1/16
0000b0   307f     movlw   0x7f             	MOVLW	0x7f
0000b1   0093     movwf   0x13             	MOVWF	_T2CON
                                           ;	.line	42; "main.c"	inputState = 0;
0000b2   01db     clrf    0x5b             	CLRF	_inputState
                                           ;	.line	43; "main.c"	tempoCount = 0;
0000b3   01dc     clrf    0x5c             	CLRF	_tempoCount
                                           _00144_DS_:
                                           ;	.line	49; "main.c"	offCount = 0;
0000b4   01d4     clrf    0x54             	CLRF	_offCount
0000b5   01d5     clrf    0x55             	CLRF	(_offCount + 1)
                                           ;	.line	50; "main.c"	onCount = 0;
0000b6   01d9     clrf    0x59             	CLRF	_onCount
                                           ;	.line	51; "main.c"	configPin = RA2;
0000b7   01dd     clrf    0x5d             	CLRF	r0x1007
0000b8   1905     btfsc   0x05, 0x2        	BTFSC	_PORTAbits,2
0000b9   0add     incf    0x5d, 0x1        	INCF	r0x1007,F
0000ba   085d     movf    0x5d, 0x0        	MOVF	r0x1007,W
0000bb   00d8     movwf   0x58             	MOVWF	_configPin
                                           _00108_DS_:
                                           ;	.line	52; "main.c"	while(SERVOPULSE == 0) {
0000bc   1805     btfsc   0x05, 0x0        	BTFSC	_PORTAbits,0
0000bd   28ce     goto    0x00ce           	GOTO	_00113_DS_
                                           ;;unsigned compare: left < lit(0x61A8=25000), size=2
                                           ;	.line	53; "main.c"	if(offCount < INACTIVE_TIME) offCount++; // 15 instructions (see main.lst)
0000be   3061     movlw   0x61             	MOVLW	0x61
0000bf   0255     subwf   0x55, 0x0        	SUBWF	(_offCount + 1),W
0000c0   1d03     btfss   0x03, 0x2        	BTFSS	STATUS,2
0000c1   28c4     goto    0x00c4           	GOTO	_00202_DS_
0000c2   30a8     movlw   0xa8             	MOVLW	0xa8
0000c3   0254     subwf   0x54, 0x0        	SUBWF	_offCount,W
                                           _00202_DS_:
0000c4   1803     btfsc   0x03, 0x0        	BTFSC	STATUS,0
0000c5   28ca     goto    0x00ca           	GOTO	_00106_DS_
                                           ;;genSkipc:3257: created from rifx:0x7fffca4838a0
0000c6   0ad4     incf    0x54, 0x1        	INCF	_offCount,F
0000c7   1903     btfsc   0x03, 0x2        	BTFSC	STATUS,2
0000c8   0ad5     incf    0x55, 0x1        	INCF	(_offCount + 1),F
0000c9   28bc     goto    0x00bc           	GOTO	_00108_DS_
                                           _00106_DS_:
                                           ;	.line	55; "main.c"	RELAISON = 0; // switch off if inactive too long
0000ca   1087     bcf     0x07, 0x1        	BCF	_LATAbits,1
                                           ;	.line	56; "main.c"	inputState = 0;
0000cb   01db     clrf    0x5b             	CLRF	_inputState
                                           ;	.line	57; "main.c"	tempoCount = 0;
0000cc   01dc     clrf    0x5c             	CLRF	_tempoCount
0000cd   28bc     goto    0x00bc           	GOTO	_00108_DS_
                                           _00113_DS_:
                                           ;	.line	60; "main.c"	while(SERVOPULSE != 0) {
0000ce   1c05     btfss   0x05, 0x0        	BTFSS	_PORTAbits,0
0000cf   28d6     goto    0x00d6           	GOTO	_00115_DS_
                                           ;;unsigned compare: left < lit(0xFF=255), size=1
                                           ;	.line	61; "main.c"	if(onCount < 255) onCount++; // 9 instructions (see main.lst)
0000d0   30ff     movlw   0xff             	MOVLW	0xff
0000d1   0259     subwf   0x59, 0x0        	SUBWF	_onCount,W
0000d2   1803     btfsc   0x03, 0x0        	BTFSC	STATUS,0
0000d3   28ce     goto    0x00ce           	GOTO	_00113_DS_
                                           ;;genSkipc:3257: created from rifx:0x7fffca4838a0
0000d4   0ad9     incf    0x59, 0x1        	INCF	_onCount,F
0000d5   28ce     goto    0x00ce           	GOTO	_00113_DS_
                                           ;;swapping arguments (AOP_TYPEs 1/3)
                                           ;;unsigned compare: left >= lit(0xAC=172), size=1
                                           _00115_DS_:
                                           ;	.line	63; "main.c"	if(onCount > (PULSETHRES + PULSEDEADBAND)) {
0000d6   30ac     movlw   0xac             	MOVLW	0xac
0000d7   0259     subwf   0x59, 0x0        	SUBWF	_onCount,W
0000d8   1c03     btfss   0x03, 0x0        	BTFSS	STATUS,0
0000d9   28eb     goto    0x00eb           	GOTO	_00133_DS_
                                           ;;genSkipc:3257: created from rifx:0x7fffca4838a0
                                           ;;unsigned compare: left < lit(0x5=5), size=1
                                           ;	.line	64; "main.c"	if(debounce < DEBOUNCE_MAX) debounce++;
0000da   3005     movlw   0x05             	MOVLW	0x05
                                           ;	.line	65; "main.c"	if(debounce == DEBOUNCE_MAX) {
0000db   025a     subwf   0x5a, 0x0        	SUBWF	_debounce,W
0000dc   1c03     btfss   0x03, 0x0        	BTFSS	STATUS,0
0000dd   0ada     incf    0x5a, 0x1        	INCF	_debounce,F
0000de   085a     movf    0x5a, 0x0        	MOVF	_debounce,W
0000df   3a05     xorlw   0x05             	XORLW	0x05
0000e0   1d03     btfss   0x03, 0x2        	BTFSS	STATUS,2
0000e1   28ff     goto    0x00ff           	GOTO	_00134_DS_
                                           ;	.line	66; "main.c"	if(configPin) inputState = 1;
0000e2   3000     movlw   0x00             	MOVLW	0x00
0000e3   0458     iorwf   0x58, 0x0        	IORWF	_configPin,W
0000e4   1903     btfsc   0x03, 0x2        	BTFSC	STATUS,2
0000e5   28e9     goto    0x00e9           	GOTO	_00119_DS_
0000e6   3001     movlw   0x01             	MOVLW	0x01
0000e7   00db     movwf   0x5b             	MOVWF	_inputState
0000e8   28ff     goto    0x00ff           	GOTO	_00134_DS_
                                           _00119_DS_:
                                           ;	.line	67; "main.c"	else inputState = 0;
0000e9   01db     clrf    0x5b             	CLRF	_inputState
0000ea   28ff     goto    0x00ff           	GOTO	_00134_DS_
                                           ;;unsigned compare: left < lit(0xA1=161), size=1
                                           _00133_DS_:
                                           ;	.line	69; "main.c"	} else if(onCount < (PULSETHRES - PULSEDEADBAND)) {
0000eb   30a1     movlw   0xa1             	MOVLW	0xa1
0000ec   0259     subwf   0x59, 0x0        	SUBWF	_onCount,W
0000ed   1803     btfsc   0x03, 0x0        	BTFSC	STATUS,0
0000ee   28ff     goto    0x00ff           	GOTO	_00134_DS_
                                           ;;genSkipc:3257: created from rifx:0x7fffca4838a0
                                           ;	.line	70; "main.c"	if(debounce > 0) debounce--;
0000ef   3000     movlw   0x00             	MOVLW	0x00
                                           ;	.line	71; "main.c"	if(debounce == 0) {
0000f0   045a     iorwf   0x5a, 0x0        	IORWF	_debounce,W
0000f1   1d03     btfss   0x03, 0x2        	BTFSS	STATUS,2
0000f2   03da     decf    0x5a, 0x1        	DECF	_debounce,F
0000f3   3000     movlw   0x00             	MOVLW	0x00
0000f4   045a     iorwf   0x5a, 0x0        	IORWF	_debounce,W
0000f5   1d03     btfss   0x03, 0x2        	BTFSS	STATUS,2
0000f6   28ff     goto    0x00ff           	GOTO	_00134_DS_
                                           ;	.line	72; "main.c"	if(configPin) inputState = 0;
0000f7   3000     movlw   0x00             	MOVLW	0x00
0000f8   0458     iorwf   0x58, 0x0        	IORWF	_configPin,W
0000f9   1903     btfsc   0x03, 0x2        	BTFSC	STATUS,2
0000fa   28fd     goto    0x00fd           	GOTO	_00126_DS_
0000fb   01db     clrf    0x5b             	CLRF	_inputState
0000fc   28ff     goto    0x00ff           	GOTO	_00134_DS_
                                           _00126_DS_:
                                           ;	.line	73; "main.c"	else inputState = 1;
0000fd   3001     movlw   0x01             	MOVLW	0x01
0000fe   00db     movwf   0x5b             	MOVWF	_inputState
                                           _00134_DS_:
                                           ;	.line	76; "main.c"	if(TMR2IF) { // every 262ms ~= 1/4s
0000ff   1c8c     btfss   0x0c, 0x1        	BTFSS	_PIR1bits,1
000100   28b4     goto    0x00b4           	GOTO	_00144_DS_
                                           ;	.line	77; "main.c"	TMR2IF = 0;
000101   108c     bcf     0x0c, 0x1        	BCF	_PIR1bits,1
                                           ;	.line	78; "main.c"	if(inputState) {
000102   3000     movlw   0x00             	MOVLW	0x00
000103   045b     iorwf   0x5b, 0x0        	IORWF	_inputState,W
000104   1903     btfsc   0x03, 0x2        	BTFSC	STATUS,2
000105   290e     goto    0x010e           	GOTO	_00139_DS_
                                           ;;unsigned compare: left < lit(0x26=38), size=1
                                           ;	.line	79; "main.c"	if(tempoCount >= ON_TEMPO) RELAISON = 1;
000106   3026     movlw   0x26             	MOVLW	0x26
000107   025c     subwf   0x5c, 0x0        	SUBWF	_tempoCount,W
000108   1c03     btfss   0x03, 0x0        	BTFSS	STATUS,0
000109   290c     goto    0x010c           	GOTO	_00136_DS_
                                           ;;genSkipc:3257: created from rifx:0x7fffca4838a0
00010a   1487     bsf     0x07, 0x1        	BSF	_LATAbits,1
00010b   28b4     goto    0x00b4           	GOTO	_00144_DS_
                                           _00136_DS_:
                                           ;	.line	80; "main.c"	else tempoCount++;
00010c   0adc     incf    0x5c, 0x1        	INCF	_tempoCount,F
00010d   28b4     goto    0x00b4           	GOTO	_00144_DS_
                                           _00139_DS_:
                                           ;	.line	82; "main.c"	tempoCount = 0;
00010e   01dc     clrf    0x5c             	CLRF	_tempoCount
                                           ;	.line	83; "main.c"	RELAISON = 0;
00010f   1087     bcf     0x07, 0x1        	BCF	_LATAbits,1
000110   28b4     goto    0x00b4           	GOTO	_00144_DS_
                                           ;	.line	87; "main.c"	}
000111   0008     return                   	RETURN	
                                           ; exit point of _main
                                           
                                           
                                           ;	code size estimation:
                                           ;	  116+    0 =   116 instructions (  232 byte)
                                           
                                           	end
