gplink-1.4.0 #1107 (May 18 2015)
Map File - Created 11-12-2020  16:13:33

                                 Section Info
                  Section       Type    Address   Location Size(Bytes)
                ---------  ---------  ---------  ---------  ---------
                   .cinit    romdata   0x00011f    program   0x000010
             ID_idata_0_i    romdata   0x000127    program   0x000002
                  STARTUP       code   0x000000    program   0x000004
S_idata___sdcc_gsinit_startup       code   0x000002    program   0x000138
             S_main__main       code   0x00009e    program   0x00009a
                    .code       code   0x0000eb    program   0x000068
      .config_2007_MAIN.O       code   0x002007    program   0x000002
               ID_idata_0      idata   0x00005a       data   0x000001
       UD_abs_pic10f322_0      udata   0x000000       data   0x000001
       UD_abs_pic10f322_1      udata   0x000001       data   0x000001
       UD_abs_pic10f322_2      udata   0x000002       data   0x000001
       UD_abs_pic10f322_3      udata   0x000003       data   0x000001
       UD_abs_pic10f322_4      udata   0x000004       data   0x000001
       UD_abs_pic10f322_5      udata   0x000005       data   0x000001
       UD_abs_pic10f322_6      udata   0x000006       data   0x000001
       UD_abs_pic10f322_7      udata   0x000007       data   0x000001
       UD_abs_pic10f322_8      udata   0x000008       data   0x000001
       UD_abs_pic10f322_9      udata   0x000009       data   0x000001
       UD_abs_pic10f322_a      udata   0x00000a       data   0x000001
       UD_abs_pic10f322_b      udata   0x00000b       data   0x000001
       UD_abs_pic10f322_c      udata   0x00000c       data   0x000001
       UD_abs_pic10f322_d      udata   0x00000d       data   0x000001
       UD_abs_pic10f322_e      udata   0x00000e       data   0x000001
       UD_abs_pic10f322_f      udata   0x00000f       data   0x000001
      UD_abs_pic10f322_10      udata   0x000010       data   0x000001
      UD_abs_pic10f322_11      udata   0x000011       data   0x000001
      UD_abs_pic10f322_12      udata   0x000012       data   0x000001
      UD_abs_pic10f322_13      udata   0x000013       data   0x000001
      UD_abs_pic10f322_14      udata   0x000014       data   0x000001
      UD_abs_pic10f322_15      udata   0x000015       data   0x000001
      UD_abs_pic10f322_16      udata   0x000016       data   0x000001
      UD_abs_pic10f322_17      udata   0x000017       data   0x000001
      UD_abs_pic10f322_18      udata   0x000018       data   0x000001
      UD_abs_pic10f322_19      udata   0x000019       data   0x000001
      UD_abs_pic10f322_1a      udata   0x00001a       data   0x000001
      UD_abs_pic10f322_1b      udata   0x00001b       data   0x000001
      UD_abs_pic10f322_1c      udata   0x00001c       data   0x000001
      UD_abs_pic10f322_1d      udata   0x00001d       data   0x000001
      UD_abs_pic10f322_1e      udata   0x00001e       data   0x000001
      UD_abs_pic10f322_1f      udata   0x00001f       data   0x000001
      UD_abs_pic10f322_20      udata   0x000020       data   0x000001
      UD_abs_pic10f322_21      udata   0x000021       data   0x000001
      UD_abs_pic10f322_22      udata   0x000022       data   0x000001
      UD_abs_pic10f322_23      udata   0x000023       data   0x000001
      UD_abs_pic10f322_24      udata   0x000024       data   0x000001
      UD_abs_pic10f322_25      udata   0x000025       data   0x000001
      UD_abs_pic10f322_26      udata   0x000026       data   0x000001
      UD_abs_pic10f322_27      udata   0x000027       data   0x000001
      UD_abs_pic10f322_28      udata   0x000028       data   0x000001
      UD_abs_pic10f322_29      udata   0x000029       data   0x000001
      UD_abs_pic10f322_2a      udata   0x00002a       data   0x000001
      UD_abs_pic10f322_2b      udata   0x00002b       data   0x000001
      UD_abs_pic10f322_2c      udata   0x00002c       data   0x000001
      UD_abs_pic10f322_2d      udata   0x00002d       data   0x000001
      UD_abs_pic10f322_2e      udata   0x00002e       data   0x000001
      UD_abs_pic10f322_30      udata   0x000030       data   0x000001
      UD_abs_pic10f322_31      udata   0x000031       data   0x000001
      UD_abs_pic10f322_32      udata   0x000032       data   0x000001
      UD_abs_pic10f322_33      udata   0x000033       data   0x000001
      UD_abs_pic10f322_34      udata   0x000034       data   0x000001
      UD_abs_pic10f322_35      udata   0x000035       data   0x000001
      UD_abs_pic10f322_36      udata   0x000036       data   0x000001
      UD_abs_pic10f322_37      udata   0x000037       data   0x000001
      UD_abs_pic10f322_38      udata   0x000038       data   0x000001
      UD_abs_pic10f322_39      udata   0x000039       data   0x000001
      UD_abs_pic10f322_3a      udata   0x00003a       data   0x000001
      UD_abs_pic10f322_3b      udata   0x00003b       data   0x000001
      UD_abs_pic10f322_3c      udata   0x00003c       data   0x000001
      UD_abs_pic10f322_3d      udata   0x00003d       data   0x000001
      UD_abs_pic10f322_3e      udata   0x00003e       data   0x000001
      UD_abs_pic10f322_3f      udata   0x00003f       data   0x000001
                sharebank      udata   0x000040       data   0x000008
              UDL_idata_0      udata   0x000048       data   0x00000c
                UD_main_1      udata   0x000054       data   0x000002
                UD_main_0      udata   0x000056       data   0x000001
                UD_main_2      udata   0x000057       data   0x000001
                UD_main_3      udata   0x000058       data   0x000001
               UDL_main_0      udata   0x000059       data   0x000001



                              Program Memory Usage
                               Start         End
                           ---------   ---------
                            0x000000    0x000001
                            0x00009e    0x0000ea
                            0x002007    0x002007
                            0x000127    0x000127
                            0x000002    0x00009d
                            0x0000eb    0x00011e
                            0x00011f    0x000126
                            297 program addresses used



                              Symbols - Sorted by Name
                     Name    Address   Location    Storage File
                ---------  ---------  ---------  --------- ---------
                    PSAVE   0x000040       data     extern main.asm
                    SSAVE   0x000041       data     extern main.asm
                    STK00   0x000047       data     extern main.asm
                    STK01   0x000046       data     extern main.asm
                    STK02   0x000045       data     extern main.asm
                    STK03   0x000044       data     extern main.asm
                    STK04   0x000043       data     extern main.asm
                    WSAVE   0x000042       data     extern main.asm
               _00105_DS_   0x000062    program     static ../libsdcc_a-idata.asm
               _00106_DS_   0x0000bb    program     static main.asm
               _00107_DS_   0x000093    program     static ../libsdcc_a-idata.asm
               _00108_DS_   0x0000ad    program     static main.asm
               _00108_DS_   0x000015    program     static ../libsdcc_a-idata.asm
               _00110_DS_   0x0000bd    program     static main.asm
               _00110_DS_   0x00009a    program     static ../libsdcc_a-idata.asm
               _00113_DS_   0x0000be    program     static main.asm
               _00115_DS_   0x0000c6    program     static main.asm
               _00119_DS_   0x0000d8    program     static main.asm
               _00126_DS_   0x0000e8    program     static main.asm
               _00131_DS_   0x0000da    program     static main.asm
               _00134_DS_   0x0000ab    program     static main.asm
               _00180_DS_   0x0000b5    program     static main.asm
                   _ADCON   0x00001f       data     extern pic10f322.asm
               _ADCONbits   0x00001f       data     extern pic10f322.asm
                   _ADRES   0x00001e       data     extern pic10f322.asm
                  _ANSELA   0x000008       data     extern pic10f322.asm
              _ANSELAbits   0x000008       data     extern pic10f322.asm
                  _BORCON   0x00003f       data     extern pic10f322.asm
              _BORCONbits   0x00003f       data     extern pic10f322.asm
                 _CLC1CON   0x000031       data     extern pic10f322.asm
             _CLC1CONbits   0x000031       data     extern pic10f322.asm
                _CLC1GLS0   0x000035       data     extern pic10f322.asm
            _CLC1GLS0bits   0x000035       data     extern pic10f322.asm
                _CLC1GLS1   0x000036       data     extern pic10f322.asm
            _CLC1GLS1bits   0x000036       data     extern pic10f322.asm
                _CLC1GLS2   0x000037       data     extern pic10f322.asm
            _CLC1GLS2bits   0x000037       data     extern pic10f322.asm
                _CLC1GLS3   0x000038       data     extern pic10f322.asm
            _CLC1GLS3bits   0x000038       data     extern pic10f322.asm
                 _CLC1POL   0x000034       data     extern pic10f322.asm
             _CLC1POLbits   0x000034       data     extern pic10f322.asm
                _CLC1SEL0   0x000032       data     extern pic10f322.asm
            _CLC1SEL0bits   0x000032       data     extern pic10f322.asm
                _CLC1SEL1   0x000033       data     extern pic10f322.asm
            _CLC1SEL1bits   0x000033       data     extern pic10f322.asm
                 _CLKRCON   0x000026       data     extern pic10f322.asm
             _CLKRCONbits   0x000026       data     extern pic10f322.asm
                _CWG1CON0   0x000039       data     extern pic10f322.asm
            _CWG1CON0bits   0x000039       data     extern pic10f322.asm
                _CWG1CON1   0x00003a       data     extern pic10f322.asm
            _CWG1CON1bits   0x00003a       data     extern pic10f322.asm
                _CWG1CON2   0x00003b       data     extern pic10f322.asm
            _CWG1CON2bits   0x00003b       data     extern pic10f322.asm
                 _CWG1DBF   0x00003d       data     extern pic10f322.asm
             _CWG1DBFbits   0x00003d       data     extern pic10f322.asm
                 _CWG1DBR   0x00003c       data     extern pic10f322.asm
             _CWG1DBRbits   0x00003c       data     extern pic10f322.asm
                     _FSR   0x000004       data     extern pic10f322.asm
                  _FVRCON   0x00001d       data     extern pic10f322.asm
              _FVRCONbits   0x00001d       data     extern pic10f322.asm
                    _INDF   0x000000       data     extern pic10f322.asm
                  _INTCON   0x00000b       data     extern pic10f322.asm
              _INTCONbits   0x00000b       data     extern pic10f322.asm
                   _IOCAF   0x00001c       data     extern pic10f322.asm
               _IOCAFbits   0x00001c       data     extern pic10f322.asm
                   _IOCAN   0x00001b       data     extern pic10f322.asm
               _IOCANbits   0x00001b       data     extern pic10f322.asm
                   _IOCAP   0x00001a       data     extern pic10f322.asm
               _IOCAPbits   0x00001a       data     extern pic10f322.asm
                    _LATA   0x000007       data     extern pic10f322.asm
                _LATAbits   0x000007       data     extern pic10f322.asm
                 _NCO1ACC   0x000027       data     extern pic10f322.asm
                _NCO1ACCH   0x000028       data     extern pic10f322.asm
            _NCO1ACCHbits   0x000028       data     extern pic10f322.asm
                _NCO1ACCL   0x000027       data     extern pic10f322.asm
            _NCO1ACCLbits   0x000027       data     extern pic10f322.asm
                _NCO1ACCU   0x000029       data     extern pic10f322.asm
            _NCO1ACCUbits   0x000029       data     extern pic10f322.asm
                 _NCO1CLK   0x00002e       data     extern pic10f322.asm
             _NCO1CLKbits   0x00002e       data     extern pic10f322.asm
                 _NCO1CON   0x00002d       data     extern pic10f322.asm
             _NCO1CONbits   0x00002d       data     extern pic10f322.asm
                 _NCO1INC   0x00002a       data     extern pic10f322.asm
                _NCO1INCH   0x00002b       data     extern pic10f322.asm
            _NCO1INCHbits   0x00002b       data     extern pic10f322.asm
                _NCO1INCL   0x00002a       data     extern pic10f322.asm
            _NCO1INCLbits   0x00002a       data     extern pic10f322.asm
                _NCO1INCU   0x00002c       data     extern pic10f322.asm
              _OPTION_REG   0x00000e       data     extern pic10f322.asm
          _OPTION_REGbits   0x00000e       data     extern pic10f322.asm
                  _OSCCON   0x000010       data     extern pic10f322.asm
              _OSCCONbits   0x000010       data     extern pic10f322.asm
                     _PCL   0x000002       data     extern pic10f322.asm
                  _PCLATH   0x00000a       data     extern pic10f322.asm
              _PCLATHbits   0x00000a       data     extern pic10f322.asm
                    _PCON   0x00000f       data     extern pic10f322.asm
                _PCONbits   0x00000f       data     extern pic10f322.asm
                    _PIE1   0x00000d       data     extern pic10f322.asm
                _PIE1bits   0x00000d       data     extern pic10f322.asm
                    _PIR1   0x00000c       data     extern pic10f322.asm
                _PIR1bits   0x00000c       data     extern pic10f322.asm
                   _PMADR   0x000020       data     extern pic10f322.asm
                  _PMADRH   0x000021       data     extern pic10f322.asm
              _PMADRHbits   0x000021       data     extern pic10f322.asm
                  _PMADRL   0x000020       data     extern pic10f322.asm
                  _PMCON1   0x000024       data     extern pic10f322.asm
              _PMCON1bits   0x000024       data     extern pic10f322.asm
                  _PMCON2   0x000025       data     extern pic10f322.asm
                   _PMDAT   0x000022       data     extern pic10f322.asm
                  _PMDATH   0x000023       data     extern pic10f322.asm
                  _PMDATL   0x000022       data     extern pic10f322.asm
                   _PORTA   0x000005       data     extern pic10f322.asm
               _PORTAbits   0x000005       data     extern pic10f322.asm
                     _PR2   0x000012       data     extern pic10f322.asm
                 _PWM1CON   0x000016       data     extern pic10f322.asm
                _PWM1CON0   0x000016       data     extern pic10f322.asm
            _PWM1CON0bits   0x000016       data     extern pic10f322.asm
             _PWM1CONbits   0x000016       data     extern pic10f322.asm
                 _PWM1DCH   0x000015       data     extern pic10f322.asm
             _PWM1DCHbits   0x000015       data     extern pic10f322.asm
                 _PWM1DCL   0x000014       data     extern pic10f322.asm
             _PWM1DCLbits   0x000014       data     extern pic10f322.asm
                 _PWM2CON   0x000019       data     extern pic10f322.asm
                _PWM2CON0   0x000019       data     extern pic10f322.asm
            _PWM2CON0bits   0x000019       data     extern pic10f322.asm
             _PWM2CONbits   0x000019       data     extern pic10f322.asm
                 _PWM2DCH   0x000018       data     extern pic10f322.asm
             _PWM2DCHbits   0x000018       data     extern pic10f322.asm
                 _PWM2DCL   0x000017       data     extern pic10f322.asm
             _PWM2DCLbits   0x000017       data     extern pic10f322.asm
                  _STATUS   0x000003       data     extern pic10f322.asm
              _STATUSbits   0x000003       data     extern pic10f322.asm
_S_idata___sdcc_gsinit_startup_0008   0x00000a    program     static ../libsdcc_a-idata.asm
_S_idata___sdcc_gsinit_startup_0030   0x000032    program     static ../libsdcc_a-idata.asm
_S_idata___sdcc_gsinit_startup_003F   0x000041    program     static ../libsdcc_a-idata.asm
_S_idata___sdcc_gsinit_startup_0057   0x000059    program     static ../libsdcc_a-idata.asm
_S_idata___sdcc_gsinit_startup_0076   0x000078    program     static ../libsdcc_a-idata.asm
                   _T2CON   0x000013       data     extern pic10f322.asm
               _T2CONbits   0x000013       data     extern pic10f322.asm
                    _TMR0   0x000001       data     extern pic10f322.asm
                    _TMR2   0x000011       data     extern pic10f322.asm
                   _TRISA   0x000006       data     extern pic10f322.asm
               _TRISAbits   0x000006       data     extern pic10f322.asm
                 _VREGCON   0x00003e       data     extern pic10f322.asm
             _VREGCONbits   0x00003e       data     extern pic10f322.asm
                  _WDTCON   0x000030       data     extern pic10f322.asm
              _WDTCONbits   0x000030       data     extern pic10f322.asm
                    _WPUA   0x000009       data     extern pic10f322.asm
                _WPUAbits   0x000009       data     extern pic10f322.asm
            __codeptrget1   0x0000f9    program     extern /home/sdcc-builder/build/sdcc-build/orig/sdcc/device/lib/pic14/libsdcc/regular/_gptrget1.S
            __codeptrget2   0x000110    program     static /home/sdcc-builder/build/sdcc-build/orig/sdcc/device/lib/pic14/libsdcc/regular/_gptrget2.S
            __dataptrget1   0x0000f2    program     static /home/sdcc-builder/build/sdcc-build/orig/sdcc/device/lib/pic14/libsdcc/regular/_gptrget1.S
            __dataptrget2   0x000106    program     static /home/sdcc-builder/build/sdcc-build/orig/sdcc/device/lib/pic14/libsdcc/regular/_gptrget2.S
                __gptrget   0x0000eb    program     extern /home/sdcc-builder/build/sdcc-build/orig/sdcc/device/lib/pic14/libsdcc/regular/_gptrget1.S
               __gptrget1   0x0000eb    program     extern /home/sdcc-builder/build/sdcc-build/orig/sdcc/device/lib/pic14/libsdcc/regular/_gptrget1.S
               __gptrget2   0x0000fe    program     extern /home/sdcc-builder/build/sdcc-build/orig/sdcc/device/lib/pic14/libsdcc/regular/_gptrget2.S
    __sdcc_gsinit_startup   0x000002    program     extern ../libsdcc_a-idata.asm
                   _cinit   0x00011f    program     extern 
               _configPin   0x000056       data     extern main.asm
                _debounce   0x000058       data     extern main.asm
             _force_cinit   0x00005a       data     static ../libsdcc_a-idata.asm
                    _main   0x00009e    program     extern main.asm
                _offCount   0x000054       data     extern main.asm
                 _onCount   0x000057       data     extern main.asm
                  r0x1000   0x000049       data     static ../libsdcc_a-idata.asm
                  r0x1001   0x000048       data     static ../libsdcc_a-idata.asm
                  r0x1002   0x00004a       data     static ../libsdcc_a-idata.asm
                  r0x1003   0x00004b       data     static ../libsdcc_a-idata.asm
                  r0x1004   0x00004c       data     static ../libsdcc_a-idata.asm
                  r0x1005   0x000059       data     static main.asm
                  r0x1005   0x00004d       data     static ../libsdcc_a-idata.asm
                  r0x1006   0x00004f       data     static ../libsdcc_a-idata.asm
                  r0x1007   0x00004e       data     static ../libsdcc_a-idata.asm
                  r0x1008   0x000051       data     static ../libsdcc_a-idata.asm
                  r0x1009   0x000050       data     static ../libsdcc_a-idata.asm
                  r0x100A   0x000053       data     static ../libsdcc_a-idata.asm
                  r0x100B   0x000052       data     static ../libsdcc_a-idata.asm



                              Symbols - Sorted by Address
                     Name    Address   Location    Storage File
                ---------  ---------  ---------  --------- ---------
                    _INDF   0x000000       data     extern pic10f322.asm
                    _TMR0   0x000001       data     extern pic10f322.asm
                     _PCL   0x000002       data     extern pic10f322.asm
    __sdcc_gsinit_startup   0x000002    program     extern ../libsdcc_a-idata.asm
                  _STATUS   0x000003       data     extern pic10f322.asm
              _STATUSbits   0x000003       data     extern pic10f322.asm
                     _FSR   0x000004       data     extern pic10f322.asm
                   _PORTA   0x000005       data     extern pic10f322.asm
               _PORTAbits   0x000005       data     extern pic10f322.asm
                   _TRISA   0x000006       data     extern pic10f322.asm
               _TRISAbits   0x000006       data     extern pic10f322.asm
                    _LATA   0x000007       data     extern pic10f322.asm
                _LATAbits   0x000007       data     extern pic10f322.asm
                  _ANSELA   0x000008       data     extern pic10f322.asm
              _ANSELAbits   0x000008       data     extern pic10f322.asm
                    _WPUA   0x000009       data     extern pic10f322.asm
                _WPUAbits   0x000009       data     extern pic10f322.asm
                  _PCLATH   0x00000a       data     extern pic10f322.asm
              _PCLATHbits   0x00000a       data     extern pic10f322.asm
_S_idata___sdcc_gsinit_startup_0008   0x00000a    program     static ../libsdcc_a-idata.asm
                  _INTCON   0x00000b       data     extern pic10f322.asm
              _INTCONbits   0x00000b       data     extern pic10f322.asm
                    _PIR1   0x00000c       data     extern pic10f322.asm
                _PIR1bits   0x00000c       data     extern pic10f322.asm
                    _PIE1   0x00000d       data     extern pic10f322.asm
                _PIE1bits   0x00000d       data     extern pic10f322.asm
              _OPTION_REG   0x00000e       data     extern pic10f322.asm
          _OPTION_REGbits   0x00000e       data     extern pic10f322.asm
                    _PCON   0x00000f       data     extern pic10f322.asm
                _PCONbits   0x00000f       data     extern pic10f322.asm
                  _OSCCON   0x000010       data     extern pic10f322.asm
              _OSCCONbits   0x000010       data     extern pic10f322.asm
                    _TMR2   0x000011       data     extern pic10f322.asm
                     _PR2   0x000012       data     extern pic10f322.asm
                   _T2CON   0x000013       data     extern pic10f322.asm
               _T2CONbits   0x000013       data     extern pic10f322.asm
                 _PWM1DCL   0x000014       data     extern pic10f322.asm
             _PWM1DCLbits   0x000014       data     extern pic10f322.asm
               _00108_DS_   0x000015    program     static ../libsdcc_a-idata.asm
                 _PWM1DCH   0x000015       data     extern pic10f322.asm
             _PWM1DCHbits   0x000015       data     extern pic10f322.asm
                 _PWM1CON   0x000016       data     extern pic10f322.asm
                _PWM1CON0   0x000016       data     extern pic10f322.asm
            _PWM1CON0bits   0x000016       data     extern pic10f322.asm
             _PWM1CONbits   0x000016       data     extern pic10f322.asm
                 _PWM2DCL   0x000017       data     extern pic10f322.asm
             _PWM2DCLbits   0x000017       data     extern pic10f322.asm
                 _PWM2DCH   0x000018       data     extern pic10f322.asm
             _PWM2DCHbits   0x000018       data     extern pic10f322.asm
                 _PWM2CON   0x000019       data     extern pic10f322.asm
                _PWM2CON0   0x000019       data     extern pic10f322.asm
            _PWM2CON0bits   0x000019       data     extern pic10f322.asm
             _PWM2CONbits   0x000019       data     extern pic10f322.asm
                   _IOCAP   0x00001a       data     extern pic10f322.asm
               _IOCAPbits   0x00001a       data     extern pic10f322.asm
                   _IOCAN   0x00001b       data     extern pic10f322.asm
               _IOCANbits   0x00001b       data     extern pic10f322.asm
                   _IOCAF   0x00001c       data     extern pic10f322.asm
               _IOCAFbits   0x00001c       data     extern pic10f322.asm
                  _FVRCON   0x00001d       data     extern pic10f322.asm
              _FVRCONbits   0x00001d       data     extern pic10f322.asm
                   _ADRES   0x00001e       data     extern pic10f322.asm
                   _ADCON   0x00001f       data     extern pic10f322.asm
               _ADCONbits   0x00001f       data     extern pic10f322.asm
                   _PMADR   0x000020       data     extern pic10f322.asm
                  _PMADRL   0x000020       data     extern pic10f322.asm
                  _PMADRH   0x000021       data     extern pic10f322.asm
              _PMADRHbits   0x000021       data     extern pic10f322.asm
                   _PMDAT   0x000022       data     extern pic10f322.asm
                  _PMDATL   0x000022       data     extern pic10f322.asm
                  _PMDATH   0x000023       data     extern pic10f322.asm
                  _PMCON1   0x000024       data     extern pic10f322.asm
              _PMCON1bits   0x000024       data     extern pic10f322.asm
                  _PMCON2   0x000025       data     extern pic10f322.asm
                 _CLKRCON   0x000026       data     extern pic10f322.asm
             _CLKRCONbits   0x000026       data     extern pic10f322.asm
                 _NCO1ACC   0x000027       data     extern pic10f322.asm
                _NCO1ACCL   0x000027       data     extern pic10f322.asm
            _NCO1ACCLbits   0x000027       data     extern pic10f322.asm
                _NCO1ACCH   0x000028       data     extern pic10f322.asm
            _NCO1ACCHbits   0x000028       data     extern pic10f322.asm
                _NCO1ACCU   0x000029       data     extern pic10f322.asm
            _NCO1ACCUbits   0x000029       data     extern pic10f322.asm
                 _NCO1INC   0x00002a       data     extern pic10f322.asm
                _NCO1INCL   0x00002a       data     extern pic10f322.asm
            _NCO1INCLbits   0x00002a       data     extern pic10f322.asm
                _NCO1INCH   0x00002b       data     extern pic10f322.asm
            _NCO1INCHbits   0x00002b       data     extern pic10f322.asm
                _NCO1INCU   0x00002c       data     extern pic10f322.asm
                 _NCO1CON   0x00002d       data     extern pic10f322.asm
             _NCO1CONbits   0x00002d       data     extern pic10f322.asm
                 _NCO1CLK   0x00002e       data     extern pic10f322.asm
             _NCO1CLKbits   0x00002e       data     extern pic10f322.asm
                  _WDTCON   0x000030       data     extern pic10f322.asm
              _WDTCONbits   0x000030       data     extern pic10f322.asm
                 _CLC1CON   0x000031       data     extern pic10f322.asm
             _CLC1CONbits   0x000031       data     extern pic10f322.asm
                _CLC1SEL0   0x000032       data     extern pic10f322.asm
            _CLC1SEL0bits   0x000032       data     extern pic10f322.asm
_S_idata___sdcc_gsinit_startup_0030   0x000032    program     static ../libsdcc_a-idata.asm
                _CLC1SEL1   0x000033       data     extern pic10f322.asm
            _CLC1SEL1bits   0x000033       data     extern pic10f322.asm
                 _CLC1POL   0x000034       data     extern pic10f322.asm
             _CLC1POLbits   0x000034       data     extern pic10f322.asm
                _CLC1GLS0   0x000035       data     extern pic10f322.asm
            _CLC1GLS0bits   0x000035       data     extern pic10f322.asm
                _CLC1GLS1   0x000036       data     extern pic10f322.asm
            _CLC1GLS1bits   0x000036       data     extern pic10f322.asm
                _CLC1GLS2   0x000037       data     extern pic10f322.asm
            _CLC1GLS2bits   0x000037       data     extern pic10f322.asm
                _CLC1GLS3   0x000038       data     extern pic10f322.asm
            _CLC1GLS3bits   0x000038       data     extern pic10f322.asm
                _CWG1CON0   0x000039       data     extern pic10f322.asm
            _CWG1CON0bits   0x000039       data     extern pic10f322.asm
                _CWG1CON1   0x00003a       data     extern pic10f322.asm
            _CWG1CON1bits   0x00003a       data     extern pic10f322.asm
                _CWG1CON2   0x00003b       data     extern pic10f322.asm
            _CWG1CON2bits   0x00003b       data     extern pic10f322.asm
                 _CWG1DBR   0x00003c       data     extern pic10f322.asm
             _CWG1DBRbits   0x00003c       data     extern pic10f322.asm
                 _CWG1DBF   0x00003d       data     extern pic10f322.asm
             _CWG1DBFbits   0x00003d       data     extern pic10f322.asm
                 _VREGCON   0x00003e       data     extern pic10f322.asm
             _VREGCONbits   0x00003e       data     extern pic10f322.asm
                  _BORCON   0x00003f       data     extern pic10f322.asm
              _BORCONbits   0x00003f       data     extern pic10f322.asm
                    PSAVE   0x000040       data     extern main.asm
                    SSAVE   0x000041       data     extern main.asm
_S_idata___sdcc_gsinit_startup_003F   0x000041    program     static ../libsdcc_a-idata.asm
                    WSAVE   0x000042       data     extern main.asm
                    STK04   0x000043       data     extern main.asm
                    STK03   0x000044       data     extern main.asm
                    STK02   0x000045       data     extern main.asm
                    STK01   0x000046       data     extern main.asm
                    STK00   0x000047       data     extern main.asm
                  r0x1001   0x000048       data     static ../libsdcc_a-idata.asm
                  r0x1000   0x000049       data     static ../libsdcc_a-idata.asm
                  r0x1002   0x00004a       data     static ../libsdcc_a-idata.asm
                  r0x1003   0x00004b       data     static ../libsdcc_a-idata.asm
                  r0x1004   0x00004c       data     static ../libsdcc_a-idata.asm
                  r0x1005   0x00004d       data     static ../libsdcc_a-idata.asm
                  r0x1007   0x00004e       data     static ../libsdcc_a-idata.asm
                  r0x1006   0x00004f       data     static ../libsdcc_a-idata.asm
                  r0x1009   0x000050       data     static ../libsdcc_a-idata.asm
                  r0x1008   0x000051       data     static ../libsdcc_a-idata.asm
                  r0x100B   0x000052       data     static ../libsdcc_a-idata.asm
                  r0x100A   0x000053       data     static ../libsdcc_a-idata.asm
                _offCount   0x000054       data     extern main.asm
               _configPin   0x000056       data     extern main.asm
                 _onCount   0x000057       data     extern main.asm
                _debounce   0x000058       data     extern main.asm
_S_idata___sdcc_gsinit_startup_0057   0x000059    program     static ../libsdcc_a-idata.asm
                  r0x1005   0x000059       data     static main.asm
             _force_cinit   0x00005a       data     static ../libsdcc_a-idata.asm
               _00105_DS_   0x000062    program     static ../libsdcc_a-idata.asm
_S_idata___sdcc_gsinit_startup_0076   0x000078    program     static ../libsdcc_a-idata.asm
               _00107_DS_   0x000093    program     static ../libsdcc_a-idata.asm
               _00110_DS_   0x00009a    program     static ../libsdcc_a-idata.asm
                    _main   0x00009e    program     extern main.asm
               _00134_DS_   0x0000ab    program     static main.asm
               _00108_DS_   0x0000ad    program     static main.asm
               _00180_DS_   0x0000b5    program     static main.asm
               _00106_DS_   0x0000bb    program     static main.asm
               _00110_DS_   0x0000bd    program     static main.asm
               _00113_DS_   0x0000be    program     static main.asm
               _00115_DS_   0x0000c6    program     static main.asm
               _00119_DS_   0x0000d8    program     static main.asm
               _00131_DS_   0x0000da    program     static main.asm
               _00126_DS_   0x0000e8    program     static main.asm
                __gptrget   0x0000eb    program     extern /home/sdcc-builder/build/sdcc-build/orig/sdcc/device/lib/pic14/libsdcc/regular/_gptrget1.S
               __gptrget1   0x0000eb    program     extern /home/sdcc-builder/build/sdcc-build/orig/sdcc/device/lib/pic14/libsdcc/regular/_gptrget1.S
            __dataptrget1   0x0000f2    program     static /home/sdcc-builder/build/sdcc-build/orig/sdcc/device/lib/pic14/libsdcc/regular/_gptrget1.S
            __codeptrget1   0x0000f9    program     extern /home/sdcc-builder/build/sdcc-build/orig/sdcc/device/lib/pic14/libsdcc/regular/_gptrget1.S
               __gptrget2   0x0000fe    program     extern /home/sdcc-builder/build/sdcc-build/orig/sdcc/device/lib/pic14/libsdcc/regular/_gptrget2.S
            __dataptrget2   0x000106    program     static /home/sdcc-builder/build/sdcc-build/orig/sdcc/device/lib/pic14/libsdcc/regular/_gptrget2.S
            __codeptrget2   0x000110    program     static /home/sdcc-builder/build/sdcc-build/orig/sdcc/device/lib/pic14/libsdcc/regular/_gptrget2.S
                   _cinit   0x00011f    program     extern 


